{
    "uid": "<AttributedString 'urn:isbn:9781449328030' {'id': 'pub-identifier'}>",
    "version": "3.0",
    "spine": [
        "cover",
        "spi_ad",
        "id-id2442754",
        "htmltoc",
        "id-id2632344",
        "id-id2604743",
        "id-id2629773",
        "id-id2620395",
        "id-id2638681",
        "id-id2611884",
        "id-id2627310",
        "id-id2635343",
        "id-id2622654",
        "id-id2624850",
        "id-id2640702",
        "id-id2641220",
        "id-id2642385",
        "id-id2644001",
        "id-id2644238",
        "id-id2645594",
        "id-id2645682",
        "id-id2645862"
    ],
    "manifest": {
        "epub-css": [
            "epub-css",
            "css/epub.css",
            "text/css"
        ],
        "epub-tss-css": [
            "epub-tss-css",
            "css/synth.css",
            "text/css"
        ],
        "cover": [
            "cover",
            "cover.xhtml",
            "application/xhtml+xml"
        ],
        "cover-image": [
            "cover-image",
            "covers/9781449328030_lrg.jpg",
            "image/jpeg"
        ],
        "id-id2442754": [
            "id-id2442754",
            "index.xhtml",
            "application/xhtml+xml"
        ],
        "id-id2632344": [
            "id-id2632344",
            "pr01.xhtml",
            "application/xhtml+xml"
        ],
        "id-id2604743": [
            "id-id2604743",
            "pr01s02.xhtml",
            "application/xhtml+xml"
        ],
        "id-id2629773": [
            "id-id2629773",
            "pr01s03.xhtml",
            "application/xhtml+xml"
        ],
        "id-id2620395": [
            "id-id2620395",
            "pr01s04.xhtml",
            "application/xhtml+xml"
        ],
        "id-id2638681": [
            "id-id2638681",
            "pr01s05.xhtml",
            "application/xhtml+xml"
        ],
        "id-id2611884": [
            "id-id2611884",
            "ch01.xhtml",
            "application/xhtml+xml"
        ],
        "id-id2627310": [
            "id-id2627310",
            "ch01s02.xhtml",
            "application/xhtml+xml"
        ],
        "id-id2635343": [
            "id-id2635343",
            "ch02.xhtml",
            "application/xhtml+xml"
        ],
        "id-id2622654": [
            "id-id2622654",
            "ch02s02.xhtml",
            "application/xhtml+xml"
        ],
        "id-id2624850": [
            "id-id2624850",
            "ch02s03.xhtml",
            "application/xhtml+xml"
        ],
        "id-id2640702": [
            "id-id2640702",
            "ch03.xhtml",
            "application/xhtml+xml"
        ],
        "id-id2641220": [
            "id-id2641220",
            "ch03s02.xhtml",
            "application/xhtml+xml"
        ],
        "id-id2642385": [
            "id-id2642385",
            "ch03s03.xhtml",
            "application/xhtml+xml"
        ],
        "id-id2644001": [
            "id-id2644001",
            "ch03s04.xhtml",
            "application/xhtml+xml"
        ],
        "id-id2644238": [
            "id-id2644238",
            "ch03s05.xhtml",
            "application/xhtml+xml"
        ],
        "id-id2645594": [
            "id-id2645594",
            "ch03s06.xhtml",
            "application/xhtml+xml"
        ],
        "id-id2645682": [
            "id-id2645682",
            "ch04.xhtml",
            "application/xhtml+xml"
        ],
        "id-id2645862": [
            "id-id2645862",
            "co01.xhtml",
            "application/xhtml+xml"
        ],
        "id2670620": [
            "id2670620",
            "images/web/epub3_0401.png",
            "image/png"
        ],
        "spi_ad": [
            "spi_ad",
            "spi-ad.xhtml",
            "application/xhtml+xml"
        ],
        "spi_global_ad": [
            "spi_global_ad",
            "images/spi_global_ad.png",
            "image/png"
        ],
        "epub.embedded.font.1": [
            "epub.embedded.font.1",
            "fonts/UbuntuMono-B.ttf",
            "font/ttf"
        ],
        "epub.embedded.font.2": [
            "epub.embedded.font.2",
            "fonts/UbuntuMono-BI.ttf",
            "font/ttf"
        ],
        "epub.embedded.font.3": [
            "epub.embedded.font.3",
            "fonts/UbuntuMono-R.ttf",
            "font/ttf"
        ],
        "epub.embedded.font.4": [
            "epub.embedded.font.4",
            "fonts/UbuntuMono-RI.ttf",
            "font/ttf"
        ],
        "epub.embedded.font.5": [
            "epub.embedded.font.5",
            "fonts/FreeSerif.otf",
            "font/otf"
        ],
        "epub.embedded.font.6": [
            "epub.embedded.font.6",
            "fonts/FreeSansBold.otf",
            "font/otf"
        ],
        "pls-en": [
            "pls-en",
            "lexicon/en.pls",
            "application/pls+xml"
        ],
        "pls-fr": [
            "pls-fr",
            "lexicon/fr.pls",
            "application/pls+xml"
        ]
    },
    "toc": [
        "Table of Contents",
        [
            {
                "href": "pr01.xhtml",
                "title": "Preface",
                "children": [
                    {
                        "href": "pr01.xhtml#I_sect1_d1e137",
                        "title": "Conventions Used in This Book"
                    },
                    {
                        "href": "pr01s02.xhtml",
                        "title": "Using Code Examples"
                    },
                    {
                        "href": "pr01s03.xhtml",
                        "title": "Safari\u00ae Books Online"
                    },
                    {
                        "href": "pr01s04.xhtml",
                        "title": "How to Contact Us"
                    },
                    {
                        "href": "pr01s05.xhtml",
                        "title": "Acknowledgments"
                    }
                ]
            },
            {
                "href": "ch01.xhtml",
                "title": "1. Introduction",
                "children": [
                    {
                        "href": "ch01.xhtml#_the_digital_famine",
                        "title": "The Digital Famine"
                    },
                    {
                        "href": "ch01s02.xhtml",
                        "title": "Accessibility and Usability"
                    }
                ]
            },
            {
                "href": "ch02.xhtml",
                "title": "2. Building a Better EPUB: Fundamental Accessibility",
                "children": [
                    {
                        "href": "ch02.xhtml#_a_solid_foundation_structure_and_semantics",
                        "title": "A Solid Foundation: Structure and Semantics",
                        "children": [
                            {
                                "href": "ch02.xhtml#_data_integrity",
                                "title": "Data Integrity"
                            },
                            {
                                "href": "ch02.xhtml#_separation_of_style",
                                "title": "Separation of Style"
                            },
                            {
                                "href": "ch02.xhtml#_semantic_inflection",
                                "title": "Semantic Inflection"
                            },
                            {
                                "href": "ch02.xhtml#_language",
                                "title": "Language"
                            },
                            {
                                "href": "ch02.xhtml#_logical_reading_order",
                                "title": "Logical Reading Order"
                            },
                            {
                                "href": "ch02.xhtml#_sections_and_headings",
                                "title": "Sections and Headings"
                            },
                            {
                                "href": "ch02.xhtml#_context_changes",
                                "title": "Context Changes"
                            },
                            {
                                "href": "ch02.xhtml#_lists",
                                "title": "Lists"
                            },
                            {
                                "href": "ch02.xhtml#_tables",
                                "title": "Tables"
                            },
                            {
                                "href": "ch02.xhtml#_figures",
                                "title": "Figures"
                            },
                            {
                                "href": "ch02.xhtml#_images",
                                "title": "Images"
                            },
                            {
                                "href": "ch02.xhtml#_svg",
                                "title": "SVG"
                            },
                            {
                                "href": "ch02.xhtml#_mathml",
                                "title": "MathML"
                            },
                            {
                                "href": "ch02.xhtml#_footnotes",
                                "title": "Footnotes"
                            },
                            {
                                "href": "ch02.xhtml#_page_numbering",
                                "title": "Page Numbering"
                            }
                        ]
                    },
                    {
                        "href": "ch02s02.xhtml",
                        "title": "Getting Around: Navigating an EPUB"
                    },
                    {
                        "href": "ch02s03.xhtml",
                        "title": "The Untold Story: Metadata"
                    }
                ]
            },
            {
                "href": "ch03.xhtml",
                "title": "3. It\u2019s Alive: Rich Content Accessibility",
                "children": [
                    {
                        "href": "ch03.xhtml#_the_sound_and_the_fury_audio_and_video",
                        "title": "The Sound and the Fury: Audio and Video",
                        "children": [
                            {
                                "href": "ch03.xhtml#_timed_tracks",
                                "title": "Timed Tracks"
                            }
                        ]
                    },
                    {
                        "href": "ch03s02.xhtml",
                        "title": "Talk to Me: Media Overlays",
                        "children": [
                            {
                                "href": "ch03s02.xhtml#_building_an_overlay",
                                "title": "Building an Overlay"
                            },
                            {
                                "href": "ch03s02.xhtml#_structural_considerations",
                                "title": "Structural Considerations"
                            }
                        ]
                    },
                    {
                        "href": "ch03s03.xhtml",
                        "title": "Tell It Like It Is: Text-to-Speech (TTS)",
                        "children": [
                            {
                                "href": "ch03s03.xhtml#_pls_lexicons",
                                "title": "PLS Lexicons"
                            },
                            {
                                "href": "ch03s03.xhtml#_ssml",
                                "title": "SSML"
                            },
                            {
                                "href": "ch03s03.xhtml#_css3_speech",
                                "title": "CSS3 Speech"
                            }
                        ]
                    },
                    {
                        "href": "ch03s04.xhtml",
                        "title": "The Coded Word: Scripted Interactivity"
                    },
                    {
                        "href": "ch03s05.xhtml",
                        "title": "A Little Help: WAI-ARIA",
                        "children": [
                            {
                                "href": "ch03s05.xhtml#_custom_controls",
                                "title": "Custom Controls"
                            },
                            {
                                "href": "ch03s05.xhtml#_forms",
                                "title": "Forms"
                            },
                            {
                                "href": "ch03s05.xhtml#_live_regions",
                                "title": "Live Regions"
                            }
                        ]
                    },
                    {
                        "href": "ch03s06.xhtml",
                        "title": "A Blank Slate: Canvas"
                    }
                ]
            },
            {
                "href": "ch04.xhtml",
                "title": "4. Conclusion",
                "children": [
                    {
                        "href": "ch04.xhtml#_epub_3_best_practices_teaser",
                        "title": "EPUB 3 Best Practices Teaser",
                        "children": [
                            {
                                "href": "ch04.xhtml#_about_the_book",
                                "title": "About the Book"
                            }
                        ]
                    }
                ]
            }
        ]
    ],
    "meta": {
        "contributors": "[<AttributedString 'O\u2019Reilly Production Services' {}>, <AttributedString 'David Futato' {}>, <AttributedString 'Robert Romano' {}>, <AttributedString 'Brian Sawyer' {}>, <AttributedString 'Dan Fauxsmith' {}>, <AttributedString 'Karen Montgomery' {}>]",
        "creators": "[<AttributedString 'Matt Garrish' {'id': 'pub-creator12'}>]",
        "dates": "{'creation': None, 'publication': datetime.datetime(2012, 2, 20, 0, 0), 'modification': None}",
        "description": "None",
        "identifiers": "[<AttributedString 'urn:isbn:9781449328030' {'id': 'pub-identifier'}>]",
        "publisher": "<AttributedString 'O\u2019Reilly Media, Inc.' {}>",
        "languages": "[<AttributedString 'en' {'id': 'pub-language'}>]",
        "source": "None",
        "subjects": "[]",
        "titles": "[<AttributedString 'Accessible EPUB 3' {'id': 'pub-title'}>]"
    }
}