{
    "uid": "<AttributedString 'urn:uuid:12C1DF3E-DF35-4FCF-918B-643FF15A7870' {'id': 'pub-id', 'scheme': '15'}>",
    "version": "3.0",
    "spine": [
        "page1"
    ],
    "manifest": {
        "css1": [
            "css1",
            "childrens-book-style.css",
            "text/css"
        ],
        "css2": [
            "css2",
            "small-screen.css",
            "text/css"
        ],
        "image1": [
            "image1",
            "childrens-book-flowers.jpg",
            "image/jpeg"
        ],
        "image2": [
            "image2",
            "childrens-book-swans.jpg",
            "image/jpeg"
        ],
        "page1": [
            "page1",
            "childrens-book-page.xhtml",
            "application/xhtml+xml"
        ],
        "ncx": [
            "ncx",
            "toc.ncx",
            "application/x-dtbncx+xml"
        ],
        "toc": [
            "toc",
            "toc.xhtml",
            "application/xhtml+xml"
        ]
    },
    "toc": [
        null,
        []
    ],
    "meta": {
        "contributors": "[<AttributedString 'Liza Daly' {'id': 'contrib1', 'role': 'mrk'}>, <AttributedString 'University of California Libraries' {}>]",
        "creators": "[<AttributedString 'Thomas Crane' {'id': 'creator', 'file-as': 'Crane, Thomas', 'role': 'aut'}>, <AttributedString 'Ellen Elizabeth Houghton' {'id': 'illustrator', 'file-as': 'Houghton, Ellen Elizabeth', 'role': 'ill'}>]",
        "dates": "{'creation': None, 'publication': datetime.datetime(1882, 1, 1, 0, 0), 'modification': None}",
        "description": "None",
        "identifiers": "[<AttributedString 'urn:uuid:12C1DF3E-DF35-4FCF-918B-643FF15A7870' {'id': 'pub-id', 'scheme': '15'}>]",
        "publisher": "<AttributedString 'London ; Belfast ; New York : Marcus Ward & Co.' {}>",
        "languages": "[<AttributedString 'en' {}>]",
        "source": "None",
        "subjects": "[<AttributedString 'France -- Description and travel Juvenile literature' {}>]",
        "titles": "[<AttributedString 'Abroad' {'id': 'title', 'title-type': 'main'}>]"
    }
}