{
    "uid": "<AttributedString 'code.google.com.epub-samples.cole-voyage-of-life' {'id': 'uid'}>",
    "version": "3.0",
    "spine": [
        "i",
        "s1a",
        "s1b",
        "s2a",
        "s2b",
        "s3a",
        "s3b",
        "s4a",
        "s4b",
        "s5"
    ],
    "manifest": {
        "i": [
            "i",
            "xhtml/0-intro.xhtml",
            "application/xhtml+xml"
        ],
        "s1a": [
            "s1a",
            "xhtml/1a-childhood-text.xhtml",
            "application/xhtml+xml"
        ],
        "s1b": [
            "s1b",
            "xhtml/1b-childhood-painting.xhtml",
            "application/xhtml+xml"
        ],
        "s2a": [
            "s2a",
            "xhtml/2a-youth-text.xhtml",
            "application/xhtml+xml"
        ],
        "s2b": [
            "s2b",
            "xhtml/2b-youth-painting.xhtml",
            "application/xhtml+xml"
        ],
        "s3a": [
            "s3a",
            "xhtml/3a-manhood-text.xhtml",
            "application/xhtml+xml"
        ],
        "s3b": [
            "s3b",
            "xhtml/3b-manhood-painting.xhtml",
            "application/xhtml+xml"
        ],
        "s4a": [
            "s4a",
            "xhtml/4a-oldage-text.xhtml",
            "application/xhtml+xml"
        ],
        "s4b": [
            "s4b",
            "xhtml/4b-oldage-painting.xhtml",
            "application/xhtml+xml"
        ],
        "s5": [
            "s5",
            "xhtml/5-significance.xhtml",
            "application/xhtml+xml"
        ],
        "j1_320": [
            "j1_320",
            "images/1-childhood-320.jpg",
            "image/jpeg"
        ],
        "j1_1024": [
            "j1_1024",
            "images/1-childhood-1024.jpg",
            "image/jpeg"
        ],
        "j2_320": [
            "j2_320",
            "images/2-youth-320.jpg",
            "image/jpeg"
        ],
        "j2_1024": [
            "j2_1024",
            "images/2-youth-1024.jpg",
            "image/jpeg"
        ],
        "j3_320": [
            "j3_320",
            "images/3-manhood-320.jpg",
            "image/jpeg"
        ],
        "j3_1024": [
            "j3_1024",
            "images/3-manhood-1024.jpg",
            "image/jpeg"
        ],
        "j4_320": [
            "j4_320",
            "images/4-oldage-320.jpg",
            "image/jpeg"
        ],
        "j4_1024": [
            "j4_1024",
            "images/4-oldage-1024.jpg",
            "image/jpeg"
        ],
        "prt": [
            "prt",
            "images/portrait.jpg",
            "image/jpeg"
        ],
        "css": [
            "css",
            "css/cole.css",
            "text/css"
        ]
    },
    "toc": [
        null,
        [
            {
                "href": "0-intro.xhtml",
                "title": "The Voyage of Life",
                "children": [
                    {
                        "href": "0-intro.xhtml#background",
                        "title": "Background"
                    }
                ]
            },
            {
                "href": "1a-childhood-text.xhtml#t1",
                "title": "Childhood"
            },
            {
                "href": "2a-youth-text.xhtml#t2",
                "title": "Youth"
            },
            {
                "href": "3a-manhood-text.xhtml#t3",
                "title": "Manhood"
            },
            {
                "href": "4a-oldage-text.xhtml#t4",
                "title": "Old Age"
            },
            {
                "href": "5-significance.xhtml#t5",
                "title": "Cultural Significance"
            }
        ]
    ],
    "meta": {
        "contributors": "[]",
        "creators": "[<AttributedString 'Jesse Dylan' {}>]",
        "dates": "{'creation': None, 'publication': None, 'modification': None}",
        "description": "None",
        "identifiers": "[<AttributedString 'code.google.com.epub-samples.cole-voyage-of-life' {'id': 'uid'}>]",
        "publisher": "None",
        "languages": "[<AttributedString 'en-US' {}>]",
        "source": "None",
        "subjects": "[]",
        "titles": "[<AttributedString 'Thomas Cole - The Voyage of Life' {'id': 'title'}>]"
    }
}