{
    "uid": "<AttributedString 'code.google.com.epub-samples.georgia-pls-ssml' {'id': 'uid'}>",
    "version": "3.0",
    "spine": [
        "cover",
        "doc1"
    ],
    "manifest": {
        "cover": [
            "cover",
            "cover.xhtml",
            "application/xhtml+xml"
        ],
        "doc1": [
            "doc1",
            "georgia.xhtml",
            "application/xhtml+xml"
        ],
        "css": [
            "css",
            "css/epub.css",
            "text/css"
        ],
        "cover-image": [
            "cover-image",
            "images/cover.png",
            "image/png"
        ],
        "img752a": [
            "img752a",
            "images/img752a.jpg",
            "image/jpeg"
        ],
        "pls": [
            "pls",
            "lexicon/en.pls",
            "application/pls+xml"
        ],
        "ncx": [
            "ncx",
            "toc.ncx",
            "application/x-dtbncx+xml"
        ]
    },
    "toc": [
        null,
        [
            {
                "href": "georgia.xhtml#d10e42",
                "title": "GEORGIA",
                "children": [
                    {
                        "href": "georgia.xhtml#d10e85",
                        "title": "Climate and Soils"
                    },
                    {
                        "href": "georgia.xhtml#d10e102",
                        "title": "Minerals"
                    },
                    {
                        "href": "georgia.xhtml#d10e118",
                        "title": "Agriculture"
                    },
                    {
                        "href": "georgia.xhtml#d10e150",
                        "title": "Manufactures"
                    },
                    {
                        "href": "georgia.xhtml#d10e187",
                        "title": "Population"
                    },
                    {
                        "href": "georgia.xhtml#d10e209",
                        "title": "Government"
                    },
                    {
                        "href": "georgia.xhtml#d10e271",
                        "title": "Education"
                    },
                    {
                        "href": "georgia.xhtml#d10e288",
                        "title": "Finance"
                    },
                    {
                        "href": "georgia.xhtml#d10e304",
                        "title": "History"
                    }
                ]
            }
        ]
    ],
    "meta": {
        "contributors": "[]",
        "creators": "[<AttributedString 'Various' {'id': 'aut1', 'role': 'aut'}>]",
        "dates": "{'creation': None, 'publication': None, 'modification': None}",
        "description": "None",
        "identifiers": "[<AttributedString 'code.google.com.epub-samples.georgia-pls-ssml' {'id': 'uid'}>]",
        "publisher": "None",
        "languages": "[<AttributedString 'en-US' {'id': 'dclang'}>]",
        "source": "None",
        "subjects": "[]",
        "titles": "[<AttributedString 'Georgia' {'id': 't1', 'title-type': 'main', 'display-seq': '3'}>, <AttributedString 'Encyclopaedia Britannica, 11th Edition, Volume 11, Slice 7 / Georgia' {'id': 'full-title', 'title-type': 'expanded'}>, <AttributedString 'Encyclopaedia Britannica' {'id': 't2', 'title-type': 'collection', 'display-seq': '1'}>, <AttributedString '11th Edition' {'id': 't3', 'title-type': 'edition', 'display-seq': '2'}>]"
    }
}