{
    "uid": "<AttributedString 'code.google.com.epub-samples.hefty.water' {'id': 'pub-id'}>",
    "version": "3.0",
    "spine": [
        "doc"
    ],
    "manifest": {
        "doc": [
            "doc",
            "heftywater.xhtml",
            "application/xhtml+xml"
        ]
    },
    "toc": [
        null,
        [
            {
                "href": "heftywater.xhtml#title",
                "title": "Hefty Water",
                "children": [
                    {
                        "href": "heftywater.xhtml#switch",
                        "title": "The Switch"
                    },
                    {
                        "href": "heftywater.xhtml#source",
                        "title": "The Source"
                    },
                    {
                        "href": "heftywater.xhtml#ruby",
                        "title": "Hefty Ruby Water"
                    }
                ]
            }
        ]
    ],
    "meta": {
        "contributors": "[]",
        "creators": "[]",
        "dates": "{'creation': None, 'publication': datetime.datetime(2012, 3, 29, 0, 0), 'modification': None}",
        "description": "None",
        "identifiers": "[<AttributedString 'code.google.com.epub-samples.hefty.water' {'id': 'pub-id'}>]",
        "publisher": "None",
        "languages": "[<AttributedString 'en' {}>]",
        "source": "None",
        "subjects": "[]",
        "titles": "[<AttributedString 'Hefty Water' {'id': 'title'}>]"
    }
}