{
    "uid": "<AttributedString 'urn:uuid:e9f75adf-f0a2-4a30-b113-b146871f16e5' {'id': 'BookId'}>",
    "version": "3.0",
    "spine": [
        "idcover",
        "id0001",
        "id0005",
        "id0006",
        "id0007",
        "idxnotes",
        "idloft"
    ],
    "manifest": {
        "ncx": [
            "ncx",
            "toc.ncx",
            "application/x-dtbncx+xml"
        ],
        "idpubl": [
            "idpubl",
            "publ.xhtml",
            "application/xhtml+xml"
        ],
        "id0001": [
            "id0001",
            "0001.xhtml",
            "application/xhtml+xml"
        ],
        "id0005": [
            "id0005",
            "0005.xhtml",
            "application/xhtml+xml"
        ],
        "id0006": [
            "id0006",
            "0006.xhtml",
            "application/xhtml+xml"
        ],
        "id0007": [
            "id0007",
            "0007.xhtml",
            "application/xhtml+xml"
        ],
        "idimages1125paperwhite3jpg": [
            "idimages1125paperwhite3jpg",
            "images/1125paperwhite3.jpg",
            "image/jpeg"
        ],
        "idimages1125Paperwhite1jpg": [
            "idimages1125Paperwhite1jpg",
            "images/1125Paperwhite1.jpg",
            "image/jpeg"
        ],
        "idimagespublisherLogojpg": [
            "idimagespublisherLogojpg",
            "images/publisherLogo.jpg",
            "image/jpeg"
        ],
        "idimages1125paperwhite2jpg": [
            "idimages1125paperwhite2jpg",
            "images/1125paperwhite2.jpg",
            "image/jpeg"
        ],
        "idimagesreadiumMath1png": [
            "idimagesreadiumMath1png",
            "images/readiumMath1.png",
            "image/png"
        ],
        "idimagesiBooksMath1png": [
            "idimagesiBooksMath1png",
            "images/iBooksMath1.png",
            "image/png"
        ],
        "idimagesreadiumMath2jpg": [
            "idimagesreadiumMath2jpg",
            "images/readiumMath2.jpg",
            "image/jpeg"
        ],
        "idimagesiBooksMath2png": [
            "idimagesiBooksMath2png",
            "images/iBooksMath2.png",
            "image/png"
        ],
        "idimageskoboStorepng": [
            "idimageskoboStorepng",
            "images/koboStore.png",
            "image/png"
        ],
        "idthemescascss": [
            "idthemescascss",
            "themes/cas.css",
            "text/css"
        ],
        "idthemescas-common_epubcss": [
            "idthemescas-common_epubcss",
            "themes/cas-common_epub.css",
            "text/css"
        ],
        "idthemescas-common_kindlecss": [
            "idthemescas-common_kindlecss",
            "themes/cas-common_kindle.css",
            "text/css"
        ],
        "idthemessim2rubycss": [
            "idthemessim2rubycss",
            "themes/sim2ruby.css",
            "text/css"
        ],
        "idthemescas-commoncss": [
            "idthemescas-commoncss",
            "themes/cas-common.css",
            "text/css"
        ],
        "idthemesnormal-serif__copyrightcss": [
            "idthemesnormal-serif__copyrightcss",
            "themes/normal-serif/copyright.css",
            "text/css"
        ],
        "idthemesnormal-serif__publ-indexcss": [
            "idthemesnormal-serif__publ-indexcss",
            "themes/normal-serif/publ-index.css",
            "text/css"
        ],
        "idthemesnormal-serif__covercss": [
            "idthemesnormal-serif__covercss",
            "themes/normal-serif/cover.css",
            "text/css"
        ],
        "idthemesnormal-serif__xnotescss": [
            "idthemesnormal-serif__xnotescss",
            "themes/normal-serif/xnotes.css",
            "text/css"
        ],
        "idthemesnormal-serif__toccss": [
            "idthemesnormal-serif__toccss",
            "themes/normal-serif/toc.css",
            "text/css"
        ],
        "idthemesnormal-serif__loftcss": [
            "idthemesnormal-serif__loftcss",
            "themes/normal-serif/loft.css",
            "text/css"
        ],
        "idthemesnormal-serif__openingcss": [
            "idthemesnormal-serif__openingcss",
            "themes/normal-serif/opening.css",
            "text/css"
        ],
        "idthemesnormal-serif__genericcss": [
            "idthemesnormal-serif__genericcss",
            "themes/normal-serif/generic.css",
            "text/css"
        ],
        "idthemesnormal-serif__referencescss": [
            "idthemesnormal-serif__referencescss",
            "themes/normal-serif/references.css",
            "text/css"
        ],
        "idthemesnormal-serif__commoncss": [
            "idthemesnormal-serif__commoncss",
            "themes/normal-serif/common.css",
            "text/css"
        ],
        "idstylesstylecss": [
            "idstylesstylecss",
            "styles/style.css",
            "text/css"
        ],
        "idcoverpng": [
            "idcoverpng",
            "cover.png",
            "image/png"
        ],
        "idxnotes": [
            "idxnotes",
            "xnotes.xhtml",
            "application/xhtml+xml"
        ],
        "idloft": [
            "idloft",
            "loft.xhtml",
            "application/xhtml+xml"
        ],
        "idcover": [
            "idcover",
            "cover.xhtml",
            "application/xhtml+xml"
        ]
    },
    "toc": [
        null,
        [
            {
                "href": "0001.xhtml",
                "title": "EPUB\u30ea\u30fc\u30c0\u306e\u6570\u5f0f\u30b5\u30dd\u30fc\u30c8\u2015iBooks3.0\u306eMathML\u8868\u793a\u304c\u304b\u306a\u308a\u9032\u5316",
                "children": [
                    {
                        "href": "0001.xhtml#h.0001.iBooks3_2e0\u306b\u3088\u308b\u8868\u793a\u4f8b",
                        "title": "iBooks3.0\u306b\u3088\u308b\u8868\u793a\u4f8b"
                    },
                    {
                        "href": "0001.xhtml#h.0001.Readium\u306b\u3088\u308bMathML\u306e\u8868\u793a",
                        "title": "Readium\u306b\u3088\u308bMathML\u306e\u8868\u793a"
                    },
                    {
                        "href": "0001.xhtml#h.0001.\u7dcf\u5408\u7684\u306b\u307f\u3066",
                        "title": "\u7dcf\u5408\u7684\u306b\u307f\u3066"
                    }
                ]
            },
            {
                "href": "0005.xhtml",
                "title": "EPUB\u306e\u30d9\u30b9\u30c8\u30d7\u30e9\u30af\u30c6\u30a3\u30b9 linear \u5c5e\u6027\u306e\u8a2d\u5b9a\u65b9\u6cd5",
                "children": [
                    {
                        "href": "0005.xhtml#h.0005.EPUB2",
                        "title": "EPUB2"
                    },
                    {
                        "href": "0005.xhtml#h.0005.EPUB3",
                        "title": "EPUB3"
                    }
                ]
            },
            {
                "href": "0006.xhtml",
                "title": "EPUB\u306e\u30d9\u30b9\u30c8\u30d7\u30e9\u30af\u30c6\u30a3\u30b9 EPUB2\u7528\u306e\u76ee\u6b21NCX\u306e\u51fa\u529b\u306f\u307e\u3060\u5fc5\u8981\u304b\uff1f",
                "children": [
                    {
                        "href": "0006.xhtml#h.0006.EPUB2",
                        "title": "EPUB2"
                    },
                    {
                        "href": "0006.xhtml#h.0006.EPUB3",
                        "title": "EPUB3"
                    },
                    {
                        "href": "0006.xhtml#h.0006.Kindle_20Paperwhite\u3067\u306e\u78ba\u8a8d\u7d50\u679c",
                        "title": "Kindle\n                                Paperwhite\u3067\u306e\u78ba\u8a8d\u7d50\u679c"
                    }
                ]
            },
            {
                "href": "0007.xhtml",
                "title": "EPUB\u306e\u30d9\u30b9\u30c8\u30d7\u30e9\u30af\u30c6\u30a3\u30b9 \u30ab\u30d0\u30fc\u753b\u50cf\u306e\u767b\u9332\u65b9\u6cd5",
                "children": [
                    {
                        "href": "0007.xhtml#h.0007.EPUB2",
                        "title": "EPUB2"
                    },
                    {
                        "href": "0007.xhtml#h.0007.EPUB3",
                        "title": "EPUB3"
                    },
                    {
                        "href": "0007.xhtml#h.0007.Kindle",
                        "title": "Kindle"
                    },
                    {
                        "href": "0007.xhtml#h.0007.\u307e\u3068\u3081",
                        "title": "\u307e\u3068\u3081"
                    }
                ]
            },
            {
                "href": "xnotes.xhtml",
                "title": "\u6ce8\u91c8\u4e00\u89a7"
            },
            {
                "href": "loft.xhtml",
                "title": "\u56f3\u8868\u4e00\u89a7"
            }
        ]
    ],
    "meta": {
        "contributors": "[]",
        "creators": "[]",
        "dates": "{'creation': None, 'publication': datetime.datetime(2012, 12, 6, 0, 0), 'modification': None}",
        "description": "None",
        "identifiers": "[<AttributedString 'urn:uuid:e9f75adf-f0a2-4a30-b113-b146871f16e5' {'id': 'BookId'}>]",
        "publisher": "None",
        "languages": "[<AttributedString 'ja' {}>]",
        "source": "None",
        "subjects": "[]",
        "titles": "[<AttributedString 'ID\u306b\u6f22\u5b57\u306a\u3069\u3092\u4f7f\u7528\u3057\u305f\u30b5\u30f3\u30d7\u30eb' {}>]"
    }
}