{
    "uid": "<AttributedString 'http://www.aozora.gr.jp/cards/000148/card776.html' {'id': '\u9752\u7a7a\u6587\u5eab\u306e\u756a\u53f7'}>",
    "version": "3.0",
    "spine": [
        "\u8868\u7d19",
        "\u76ee\u6b21",
        "\u4e00",
        "\u4e8c",
        "\u4e09",
        "\u56db",
        "\u4e94",
        "\u516d",
        "\u4e03",
        "\u516b",
        "\u4e5d",
        "\u5341",
        "\u5341\u4e00",
        "\u5341\u4e8c",
        "\u5341\u4e09",
        "\u5f8c\u4ed8"
    ],
    "manifest": {
        "hstyle": [
            "hstyle",
            "css/horizontal.css",
            "text/css"
        ],
        "vstyle": [
            "vstyle",
            "css/vertical.css",
            "text/css"
        ],
        "\u8868\u7d19": [
            "\u8868\u7d19",
            "xhtml/\u8868\u7d19.xhtml",
            "application/xhtml+xml"
        ],
        "\u4e00": [
            "\u4e00",
            "xhtml/\u4e00.xhtml",
            "application/xhtml+xml"
        ],
        "\u4e8c": [
            "\u4e8c",
            "xhtml/\u4e8c.xhtml",
            "application/xhtml+xml"
        ],
        "\u4e09": [
            "\u4e09",
            "xhtml/\u4e09.xhtml",
            "application/xhtml+xml"
        ],
        "\u56db": [
            "\u56db",
            "xhtml/\u56db.xhtml",
            "application/xhtml+xml"
        ],
        "\u4e94": [
            "\u4e94",
            "xhtml/\u4e94.xhtml",
            "application/xhtml+xml"
        ],
        "\u516d": [
            "\u516d",
            "xhtml/\u516d.xhtml",
            "application/xhtml+xml"
        ],
        "\u4e03": [
            "\u4e03",
            "xhtml/\u4e03.xhtml",
            "application/xhtml+xml"
        ],
        "\u516b": [
            "\u516b",
            "xhtml/\u516b.xhtml",
            "application/xhtml+xml"
        ],
        "\u4e5d": [
            "\u4e5d",
            "xhtml/\u4e5d.xhtml",
            "application/xhtml+xml"
        ],
        "\u5341": [
            "\u5341",
            "xhtml/\u5341.xhtml",
            "application/xhtml+xml"
        ],
        "\u5341\u4e00": [
            "\u5341\u4e00",
            "xhtml/\u5341\u4e00.xhtml",
            "application/xhtml+xml"
        ],
        "\u5341\u4e8c": [
            "\u5341\u4e8c",
            "xhtml/\u5341\u4e8c.xhtml",
            "application/xhtml+xml"
        ],
        "\u5341\u4e09": [
            "\u5341\u4e09",
            "xhtml/\u5341\u4e09.xhtml",
            "application/xhtml+xml"
        ],
        "\u5f8c\u4ed8": [
            "\u5f8c\u4ed8",
            "xhtml/\u5f8c\u4ed8.xhtml",
            "application/xhtml+xml"
        ],
        "\u590f\u76ee\u6f31\u77f3": [
            "\u590f\u76ee\u6f31\u77f3",
            "images/\u590f\u76ee\u6f31\u77f3.jpg",
            "image/jpeg"
        ],
        "\u66f8\u30c7\u30b8": [
            "\u66f8\u30c7\u30b8",
            "images/\u66f8\u30c7\u30b8.png",
            "image/png"
        ],
        "\u4e00_overlay": [
            "\u4e00_overlay",
            "xhtml/\u4e00.smil",
            "application/smil+xml"
        ],
        "\u4e8c_overlay": [
            "\u4e8c_overlay",
            "xhtml/\u4e8c.smil",
            "application/smil+xml"
        ],
        "\u4e00_audio": [
            "\u4e00_audio",
            "audio/fmse004b.mp3",
            "audio/mpeg"
        ],
        "\u4e8c_audio": [
            "\u4e8c_audio",
            "audio/ulnr0036.mp3",
            "audio/mpeg"
        ],
        "foobar": [
            "foobar",
            "fonts/foobar.ttf",
            "font/ttf"
        ],
        "ncxtoc": [
            "ncxtoc",
            "xhtml/toc.ncx",
            "application/x-dtbncx+xml"
        ]
    },
    "toc": [
        null,
        [
            {
                "href": "\u4e00.xhtml",
                "title": "\u4e00"
            },
            {
                "href": "\u4e8c.xhtml",
                "title": "\u4e8c"
            },
            {
                "href": "\u4e09.xhtml",
                "title": "\u4e09"
            },
            {
                "href": "\u56db.xhtml",
                "title": "\u56db"
            },
            {
                "href": "\u4e94.xhtml",
                "title": "\u4e94"
            },
            {
                "href": "\u516d.xhtml",
                "title": "\u516d"
            },
            {
                "href": "\u4e03.xhtml",
                "title": "\u4e03"
            },
            {
                "href": "\u516b.xhtml",
                "title": "\u516b"
            },
            {
                "href": "\u4e5d.xhtml",
                "title": "\u4e5d"
            },
            {
                "href": "\u5341.xhtml",
                "title": "\u5341"
            },
            {
                "href": "\u5341\u4e00.xhtml",
                "title": "\u5341\u4e00"
            },
            {
                "href": "\u5341\u4e8c.xhtml",
                "title": "\u5341\u4e8c"
            },
            {
                "href": "\u5341\u4e09.xhtml",
                "title": "\u5341\u4e09"
            },
            {
                "href": "\u5f8c\u4ed8.xhtml",
                "title": "\u3053\u306e\u6587\u66f8\u306b\u3064\u3044\u3066"
            }
        ]
    ],
    "meta": {
        "contributors": "[]",
        "creators": "[]",
        "dates": "{'creation': None, 'publication': None, 'modification': None}",
        "description": "None",
        "identifiers": "[<AttributedString 'http://www.aozora.gr.jp/cards/000148/card776.html' {'id': '\u9752\u7a7a\u6587\u5eab\u306e\u756a\u53f7'}>]",
        "publisher": "None",
        "languages": "[<AttributedString 'ja-jp' {}>]",
        "source": "None",
        "subjects": "[]",
        "titles": "[<AttributedString '\u8349\u6795' {'id': '\u984c\u540d', 'title-type': 'main', 'file-as': '\u304f\u3055\u307e\u304f\u3089', 'alternate-script': 'Kusamakura'}>]"
    }
}