{
    "uid": "<AttributedString 'code.google.com.epub-samples.linear-algebra' {'id': 'uid'}>",
    "version": "3.0",
    "spine": [
        "c1",
        "c2",
        "c3",
        "c4",
        "c5",
        "c6",
        "c7",
        "c8",
        "c9",
        "c10",
        "c11",
        "c12",
        "c13",
        "c14",
        "c15",
        "c16",
        "c17",
        "c18",
        "c19",
        "c20",
        "c21",
        "c22",
        "c23",
        "c24",
        "c25",
        "c26",
        "c27",
        "c28",
        "c29",
        "c30",
        "c31",
        "c32",
        "c33",
        "c34",
        "c35",
        "c36",
        "c37",
        "c38",
        "c39",
        "c40",
        "c41",
        "c42",
        "c43",
        "c44",
        "c45",
        "c46",
        "c47",
        "c48",
        "c49",
        "c50",
        "c51",
        "c52",
        "c53",
        "c54",
        "c55",
        "c56",
        "c57",
        "c58",
        "c59",
        "c60",
        "c61",
        "c62",
        "c63",
        "c64",
        "c65",
        "c66",
        "c67",
        "c68",
        "c69",
        "c70",
        "c71",
        "c72",
        "c73",
        "c74",
        "c75",
        "c76",
        "c77",
        "c78",
        "c79",
        "c80",
        "c81",
        "c82",
        "c83",
        "c84",
        "c85",
        "c86",
        "c87",
        "c88",
        "c89",
        "c90",
        "c91",
        "c92",
        "c93",
        "c94"
    ],
    "manifest": {
        "css0": [
            "css0",
            "css/epub.css",
            "text/css"
        ],
        "css7": [
            "css7",
            "css/commonltr.css",
            "text/css"
        ],
        "c1": [
            "c1",
            "xhtml/titlepage.xhtml",
            "application/xhtml+xml"
        ],
        "c2": [
            "c2",
            "xhtml/copyright.xhtml",
            "application/xhtml+xml"
        ],
        "c3": [
            "c3",
            "xhtml/fcla-xml-2.30li2.xhtml",
            "application/xhtml+xml"
        ],
        "c4": [
            "c4",
            "xhtml/fcla-xml-2.30li3.xhtml",
            "application/xhtml+xml"
        ],
        "c5": [
            "c5",
            "xhtml/fcla-xml-2.30li4.xhtml",
            "application/xhtml+xml"
        ],
        "c7": [
            "c7",
            "xhtml/fcla-xml-2.30li5.xhtml",
            "application/xhtml+xml"
        ],
        "c8": [
            "c8",
            "xhtml/fcla-xml-2.30li8.xhtml",
            "application/xhtml+xml"
        ],
        "c9": [
            "c9",
            "xhtml/fcla-xml-2.30li9.xhtml",
            "application/xhtml+xml"
        ],
        "c10": [
            "c10",
            "xhtml/fcla-xml-2.30li10.xhtml",
            "application/xhtml+xml"
        ],
        "c11": [
            "c11",
            "xhtml/fcla-xml-2.30li11.xhtml",
            "application/xhtml+xml"
        ],
        "c12": [
            "c12",
            "xhtml/fcla-xml-2.30li12.xhtml",
            "application/xhtml+xml"
        ],
        "c13": [
            "c13",
            "xhtml/fcla-xml-2.30li13.xhtml",
            "application/xhtml+xml"
        ],
        "c14": [
            "c14",
            "xhtml/fcla-xml-2.30li14.xhtml",
            "application/xhtml+xml"
        ],
        "c15": [
            "c15",
            "xhtml/fcla-xml-2.30li15.xhtml",
            "application/xhtml+xml"
        ],
        "c16": [
            "c16",
            "xhtml/fcla-xml-2.30li16.xhtml",
            "application/xhtml+xml"
        ],
        "c17": [
            "c17",
            "xhtml/fcla-xml-2.30li17.xhtml",
            "application/xhtml+xml"
        ],
        "c18": [
            "c18",
            "xhtml/fcla-xml-2.30li18.xhtml",
            "application/xhtml+xml"
        ],
        "c19": [
            "c19",
            "xhtml/fcla-xml-2.30li20.xhtml",
            "application/xhtml+xml"
        ],
        "c20": [
            "c20",
            "xhtml/fcla-xml-2.30li21.xhtml",
            "application/xhtml+xml"
        ],
        "c21": [
            "c21",
            "xhtml/fcla-xml-2.30li22.xhtml",
            "application/xhtml+xml"
        ],
        "c22": [
            "c22",
            "xhtml/fcla-xml-2.30li25.xhtml",
            "application/xhtml+xml"
        ],
        "c23": [
            "c23",
            "xhtml/fcla-xml-2.30li28.xhtml",
            "application/xhtml+xml"
        ],
        "c24": [
            "c24",
            "xhtml/fcla-xml-2.30li29.xhtml",
            "application/xhtml+xml"
        ],
        "c25": [
            "c25",
            "xhtml/fcla-xml-2.30li31.xhtml",
            "application/xhtml+xml"
        ],
        "c26": [
            "c26",
            "xhtml/fcla-xml-2.30li32.xhtml",
            "application/xhtml+xml"
        ],
        "c27": [
            "c27",
            "xhtml/fcla-xml-2.30li33.xhtml",
            "application/xhtml+xml"
        ],
        "c28": [
            "c28",
            "xhtml/fcla-xml-2.30li34.xhtml",
            "application/xhtml+xml"
        ],
        "c29": [
            "c29",
            "xhtml/fcla-xml-2.30li36.xhtml",
            "application/xhtml+xml"
        ],
        "c30": [
            "c30",
            "xhtml/fcla-xml-2.30li43.xhtml",
            "application/xhtml+xml"
        ],
        "c31": [
            "c31",
            "xhtml/fcla-xml-2.30li45.xhtml",
            "application/xhtml+xml"
        ],
        "c32": [
            "c32",
            "xhtml/fcla-xml-2.30li46.xhtml",
            "application/xhtml+xml"
        ],
        "c33": [
            "c33",
            "xhtml/fcla-xml-2.30li48.xhtml",
            "application/xhtml+xml"
        ],
        "c34": [
            "c34",
            "xhtml/fcla-xml-2.30li50.xhtml",
            "application/xhtml+xml"
        ],
        "c35": [
            "c35",
            "xhtml/fcla-xml-2.30li52.xhtml",
            "application/xhtml+xml"
        ],
        "c36": [
            "c36",
            "xhtml/fcla-xml-2.30li53.xhtml",
            "application/xhtml+xml"
        ],
        "c37": [
            "c37",
            "xhtml/fcla-xml-2.30li54.xhtml",
            "application/xhtml+xml"
        ],
        "c38": [
            "c38",
            "xhtml/fcla-xml-2.30li55.xhtml",
            "application/xhtml+xml"
        ],
        "c39": [
            "c39",
            "xhtml/fcla-xml-2.30li58.xhtml",
            "application/xhtml+xml"
        ],
        "c40": [
            "c40",
            "xhtml/fcla-xml-2.30li59.xhtml",
            "application/xhtml+xml"
        ],
        "c41": [
            "c41",
            "xhtml/fcla-xml-2.30li60.xhtml",
            "application/xhtml+xml"
        ],
        "c42": [
            "c42",
            "xhtml/fcla-xml-2.30li61.xhtml",
            "application/xhtml+xml"
        ],
        "c43": [
            "c43",
            "xhtml/fcla-xml-2.30li62.xhtml",
            "application/xhtml+xml"
        ],
        "c44": [
            "c44",
            "xhtml/fcla-xml-2.30li63.xhtml",
            "application/xhtml+xml"
        ],
        "c45": [
            "c45",
            "xhtml/fcla-xml-2.30li64.xhtml",
            "application/xhtml+xml"
        ],
        "c46": [
            "c46",
            "xhtml/fcla-xml-2.30li65.xhtml",
            "application/xhtml+xml"
        ],
        "c47": [
            "c47",
            "xhtml/fcla-xml-2.30li66.xhtml",
            "application/xhtml+xml"
        ],
        "c48": [
            "c48",
            "xhtml/fcla-xml-2.30li67.xhtml",
            "application/xhtml+xml"
        ],
        "c49": [
            "c49",
            "xhtml/fcla-xml-2.30li68.xhtml",
            "application/xhtml+xml"
        ],
        "c50": [
            "c50",
            "xhtml/fcla-xml-2.30li69.xhtml",
            "application/xhtml+xml"
        ],
        "c51": [
            "c51",
            "xhtml/fcla-xml-2.30li70.xhtml",
            "application/xhtml+xml"
        ],
        "c52": [
            "c52",
            "xhtml/fcla-xml-2.30li71.xhtml",
            "application/xhtml+xml"
        ],
        "c53": [
            "c53",
            "xhtml/fcla-xml-2.30li72.xhtml",
            "application/xhtml+xml"
        ],
        "c54": [
            "c54",
            "xhtml/fcla-xml-2.30li73.xhtml",
            "application/xhtml+xml"
        ],
        "c55": [
            "c55",
            "xhtml/fcla-xml-2.30li74.xhtml",
            "application/xhtml+xml"
        ],
        "c56": [
            "c56",
            "xhtml/fcla-xml-2.30li75.xhtml",
            "application/xhtml+xml"
        ],
        "c57": [
            "c57",
            "xhtml/fcla-xml-2.30li76.xhtml",
            "application/xhtml+xml"
        ],
        "c58": [
            "c58",
            "xhtml/fcla-xml-2.30li77.xhtml",
            "application/xhtml+xml"
        ],
        "c59": [
            "c59",
            "xhtml/fcla-xml-2.30li78.xhtml",
            "application/xhtml+xml"
        ],
        "c60": [
            "c60",
            "xhtml/fcla-xml-2.30li79.xhtml",
            "application/xhtml+xml"
        ],
        "c61": [
            "c61",
            "xhtml/fcla-xml-2.30li80.xhtml",
            "application/xhtml+xml"
        ],
        "c62": [
            "c62",
            "xhtml/fcla-xml-2.30li81.xhtml",
            "application/xhtml+xml"
        ],
        "c63": [
            "c63",
            "xhtml/fcla-xml-2.30li82.xhtml",
            "application/xhtml+xml"
        ],
        "c64": [
            "c64",
            "xhtml/fcla-xml-2.30li83.xhtml",
            "application/xhtml+xml"
        ],
        "c65": [
            "c65",
            "xhtml/fcla-xml-2.30li84.xhtml",
            "application/xhtml+xml"
        ],
        "c66": [
            "c66",
            "xhtml/fcla-xml-2.30li85.xhtml",
            "application/xhtml+xml"
        ],
        "c67": [
            "c67",
            "xhtml/fcla-xml-2.30li86.xhtml",
            "application/xhtml+xml"
        ],
        "c68": [
            "c68",
            "xhtml/fcla-xml-2.30li87.xhtml",
            "application/xhtml+xml"
        ],
        "c69": [
            "c69",
            "xhtml/fcla-xml-2.30li88.xhtml",
            "application/xhtml+xml"
        ],
        "c70": [
            "c70",
            "xhtml/fcla-xml-2.30li89.xhtml",
            "application/xhtml+xml"
        ],
        "c71": [
            "c71",
            "xhtml/fcla-xml-2.30li90.xhtml",
            "application/xhtml+xml"
        ],
        "c72": [
            "c72",
            "xhtml/fcla-xml-2.30li91.xhtml",
            "application/xhtml+xml"
        ],
        "c73": [
            "c73",
            "xhtml/fcla-xml-2.30li92.xhtml",
            "application/xhtml+xml"
        ],
        "c74": [
            "c74",
            "xhtml/fcla-xml-2.30li93.xhtml",
            "application/xhtml+xml"
        ],
        "c75": [
            "c75",
            "xhtml/fcla-xml-2.30li94.xhtml",
            "application/xhtml+xml"
        ],
        "c76": [
            "c76",
            "xhtml/fcla-xml-2.30li95.xhtml",
            "application/xhtml+xml"
        ],
        "c77": [
            "c77",
            "xhtml/fcla-xml-2.30li96.xhtml",
            "application/xhtml+xml"
        ],
        "c78": [
            "c78",
            "xhtml/fcla-xml-2.30li97.xhtml",
            "application/xhtml+xml"
        ],
        "c79": [
            "c79",
            "xhtml/fcla-xml-2.30li98.xhtml",
            "application/xhtml+xml"
        ],
        "c80": [
            "c80",
            "xhtml/fcla-xml-2.30li100.xhtml",
            "application/xhtml+xml"
        ],
        "c81": [
            "c81",
            "xhtml/fcla-xml-2.30li101.xhtml",
            "application/xhtml+xml"
        ],
        "c82": [
            "c82",
            "xhtml/fcla-xml-2.30li102.xhtml",
            "application/xhtml+xml"
        ],
        "c83": [
            "c83",
            "xhtml/fcla-xml-2.30li103.xhtml",
            "application/xhtml+xml"
        ],
        "c84": [
            "c84",
            "xhtml/fcla-xml-2.30li104.xhtml",
            "application/xhtml+xml"
        ],
        "c85": [
            "c85",
            "xhtml/fcla-xml-2.30li105.xhtml",
            "application/xhtml+xml"
        ],
        "c86": [
            "c86",
            "xhtml/fcla-xml-2.30li106.xhtml",
            "application/xhtml+xml"
        ],
        "c87": [
            "c87",
            "xhtml/fcla-xml-2.30li107.xhtml",
            "application/xhtml+xml"
        ],
        "c88": [
            "c88",
            "xhtml/fcla-xml-2.30li108.xhtml",
            "application/xhtml+xml"
        ],
        "c89": [
            "c89",
            "xhtml/fcla-xml-2.30li109.xhtml",
            "application/xhtml+xml"
        ],
        "c90": [
            "c90",
            "xhtml/fcla-xml-2.30li110.xhtml",
            "application/xhtml+xml"
        ],
        "c91": [
            "c91",
            "xhtml/fcla-xml-2.30li111.xhtml",
            "application/xhtml+xml"
        ],
        "c92": [
            "c92",
            "xhtml/fcla-xml-2.30li112.xhtml",
            "application/xhtml+xml"
        ],
        "c93": [
            "c93",
            "xhtml/fcla-xml-2.30li6.xhtml",
            "application/xhtml+xml"
        ],
        "c94": [
            "c94",
            "xhtml/fcla-xml-2.30li7.xhtml",
            "application/xhtml+xml"
        ]
    },
    "toc": [
        null,
        [
            {
                "href": "titlepage.xhtml",
                "title": "A First Course in Linear Algebra"
            },
            {
                "href": "copyright.xhtml",
                "title": "Copyright"
            },
            {
                "href": "fcla-xml-2.30li2.xhtml",
                "title": "Author Biography"
            },
            {
                "href": "fcla-xml-2.30li3.xhtml",
                "title": "Edition"
            },
            {
                "href": "fcla-xml-2.30li4.xhtml",
                "title": "Publisher"
            },
            {
                "href": "nav.xhtml",
                "title": "Table of Contents"
            },
            {
                "href": "fcla-xml-2.30li5.xhtml",
                "title": "Dedication"
            },
            {
                "href": "fcla-xml-2.30li8.xhtml",
                "title": "Chapter 1. Theorems"
            },
            {
                "href": "fcla-xml-2.30li9.xhtml",
                "title": "Chapter 2. Notation"
            },
            {
                "href": "fcla-xml-2.30li10.xhtml",
                "title": "Chapter 3. Diagrams"
            },
            {
                "href": "fcla-xml-2.30li11.xhtml",
                "title": "Chapter 4. Examples"
            },
            {
                "href": "fcla-xml-2.30li12.xhtml",
                "title": "Preface"
            },
            {
                "href": "fcla-xml-2.30li13.xhtml",
                "title": "Acknowledgements"
            },
            {
                "href": "fcla-xml-2.30li14.xhtml",
                "title": "Part I. Part C\u00a0\u00a0Core",
                "children": [
                    {
                        "href": "fcla-xml-2.30li15.xhtml",
                        "title": "Chapter 1. Chapter SLE\u00a0\u00a0Systems of Linear Equations",
                        "children": [
                            {
                                "href": "fcla-xml-2.30li16.xhtml",
                                "title": "Section WILA\u00a0\u00a0What is Linear Algebra?"
                            },
                            {
                                "href": "fcla-xml-2.30li17.xhtml",
                                "title": "Section SSLE\u00a0\u00a0Solving Systems of Linear Equations"
                            },
                            {
                                "href": "fcla-xml-2.30li18.xhtml",
                                "title": "Section RREF\u00a0\u00a0Reduced Row-Echelon Form"
                            },
                            {
                                "href": "fcla-xml-2.30li20.xhtml",
                                "title": "Section HSE\u00a0\u00a0Homogeneous Systems of Equations"
                            },
                            {
                                "href": "fcla-xml-2.30li21.xhtml",
                                "title": "Section NM\u00a0\u00a0Nonsingular Matrices"
                            }
                        ]
                    },
                    {
                        "href": "fcla-xml-2.30li22.xhtml",
                        "title": "Chapter 2. Chapter V\u00a0\u00a0Vectors",
                        "children": [
                            {
                                "href": "fcla-xml-2.30li25.xhtml",
                                "title": "Section SS\u00a0\u00a0Spanning Sets"
                            },
                            {
                                "href": "fcla-xml-2.30li28.xhtml",
                                "title": "Section O\u00a0\u00a0Orthogonality"
                            }
                        ]
                    },
                    {
                        "href": "fcla-xml-2.30li29.xhtml",
                        "title": "Chapter 3. Chapter M\u00a0\u00a0Matrices",
                        "children": [
                            {
                                "href": "fcla-xml-2.30li31.xhtml",
                                "title": "Section MM\u00a0\u00a0Matrix Multiplication"
                            },
                            {
                                "href": "fcla-xml-2.30li32.xhtml",
                                "title": "Section MISLE\u00a0\u00a0Matrix Inverses and Systems of Linear Equations"
                            },
                            {
                                "href": "fcla-xml-2.30li33.xhtml",
                                "title": "Section MINM\u00a0\u00a0Matrix Inverses and Nonsingular Matrices"
                            },
                            {
                                "href": "fcla-xml-2.30li34.xhtml",
                                "title": "Section CRS\u00a0\u00a0Column and Row Spaces"
                            }
                        ]
                    },
                    {
                        "href": "fcla-xml-2.30li36.xhtml",
                        "title": "Chapter 4. Chapter VS\u00a0\u00a0Vector Spaces"
                    },
                    {
                        "href": "fcla-xml-2.30li43.xhtml",
                        "title": "Chapter 5. Chapter D\u00a0\u00a0Determinants",
                        "children": [
                            {
                                "href": "fcla-xml-2.30li45.xhtml",
                                "title": "Section PDM\u00a0\u00a0Properties of Determinants of Matrices"
                            }
                        ]
                    },
                    {
                        "href": "fcla-xml-2.30li46.xhtml",
                        "title": "Chapter 6. Chapter E\u00a0\u00a0Eigenvalues",
                        "children": [
                            {
                                "href": "fcla-xml-2.30li48.xhtml",
                                "title": "Section PEE\u00a0\u00a0Properties of Eigenvalues and Eigenvectors"
                            }
                        ]
                    },
                    {
                        "href": "fcla-xml-2.30li50.xhtml",
                        "title": "Chapter 7. Chapter LT\u00a0\u00a0Linear Transformations",
                        "children": [
                            {
                                "href": "fcla-xml-2.30li52.xhtml",
                                "title": "Section ILT\u00a0\u00a0Injective Linear Transformations"
                            },
                            {
                                "href": "fcla-xml-2.30li53.xhtml",
                                "title": "Section SLT\u00a0\u00a0Surjective Linear Transformations"
                            },
                            {
                                "href": "fcla-xml-2.30li54.xhtml",
                                "title": "Section IVLT\u00a0\u00a0Invertible Linear Transformations"
                            }
                        ]
                    },
                    {
                        "href": "fcla-xml-2.30li55.xhtml",
                        "title": "Chapter 8. Chapter R\u00a0\u00a0Representations",
                        "children": [
                            {
                                "href": "fcla-xml-2.30li58.xhtml",
                                "title": "Section CB\u00a0\u00a0Change of Basis"
                            },
                            {
                                "href": "fcla-xml-2.30li59.xhtml",
                                "title": "Section OD\u00a0\u00a0Orthonormal Diagonalization"
                            },
                            {
                                "href": "fcla-xml-2.30li60.xhtml",
                                "title": "Section NLT\u00a0\u00a0Nilpotent Linear Transformations"
                            },
                            {
                                "href": "fcla-xml-2.30li61.xhtml",
                                "title": "Section IS\u00a0\u00a0Invariant Subspaces"
                            },
                            {
                                "href": "fcla-xml-2.30li62.xhtml",
                                "title": "Section JCF\u00a0\u00a0Jordan Canonical Form"
                            }
                        ]
                    },
                    {
                        "href": "fcla-xml-2.30li63.xhtml",
                        "title": "Chapter 9. Appendix CN\u00a0\u00a0Computation Notes",
                        "children": [
                            {
                                "href": "fcla-xml-2.30li64.xhtml",
                                "title": "Section MMA\u00a0\u00a0Mathematica"
                            },
                            {
                                "href": "fcla-xml-2.30li65.xhtml",
                                "title": "Section TI86\u00a0\u00a0Texas Instruments 86"
                            },
                            {
                                "href": "fcla-xml-2.30li66.xhtml",
                                "title": "Section TI83\u00a0\u00a0Texas Instruments 83"
                            },
                            {
                                "href": "fcla-xml-2.30li67.xhtml",
                                "title": "Section SAGE\u00a0\u00a0SAGE: Open Source Mathematics Software"
                            }
                        ]
                    },
                    {
                        "href": "fcla-xml-2.30li68.xhtml",
                        "title": "Chapter 10. Appendix P\u00a0\u00a0Preliminaries",
                        "children": [
                            {
                                "href": "fcla-xml-2.30li69.xhtml",
                                "title": "Section CNO\u00a0\u00a0Complex Number Operations"
                            },
                            {
                                "href": "fcla-xml-2.30li70.xhtml",
                                "title": "Section SET\u00a0\u00a0Sets"
                            },
                            {
                                "href": "fcla-xml-2.30li71.xhtml",
                                "title": "Section PT\u00a0\u00a0Proof Techniques"
                            }
                        ]
                    },
                    {
                        "href": "fcla-xml-2.30li72.xhtml",
                        "title": "Chapter 11. Appendix A\u00a0\u00a0Archetypes",
                        "children": [
                            {
                                "href": "fcla-xml-2.30li73.xhtml",
                                "title": "Archetype A"
                            },
                            {
                                "href": "fcla-xml-2.30li74.xhtml",
                                "title": "Archetype B"
                            },
                            {
                                "href": "fcla-xml-2.30li75.xhtml",
                                "title": "Archetype C"
                            },
                            {
                                "href": "fcla-xml-2.30li76.xhtml",
                                "title": "Archetype D"
                            },
                            {
                                "href": "fcla-xml-2.30li77.xhtml",
                                "title": "Archetype E"
                            },
                            {
                                "href": "fcla-xml-2.30li78.xhtml",
                                "title": "Archetype F"
                            },
                            {
                                "href": "fcla-xml-2.30li79.xhtml",
                                "title": "Archetype G"
                            },
                            {
                                "href": "fcla-xml-2.30li80.xhtml",
                                "title": "Archetype H"
                            },
                            {
                                "href": "fcla-xml-2.30li81.xhtml",
                                "title": "Archetype I"
                            },
                            {
                                "href": "fcla-xml-2.30li82.xhtml",
                                "title": "Archetype J"
                            },
                            {
                                "href": "fcla-xml-2.30li83.xhtml",
                                "title": "Archetype K"
                            },
                            {
                                "href": "fcla-xml-2.30li84.xhtml",
                                "title": "Archetype L"
                            },
                            {
                                "href": "fcla-xml-2.30li85.xhtml",
                                "title": "Archetype M"
                            },
                            {
                                "href": "fcla-xml-2.30li86.xhtml",
                                "title": "Archetype N"
                            },
                            {
                                "href": "fcla-xml-2.30li87.xhtml",
                                "title": "Archetype O"
                            },
                            {
                                "href": "fcla-xml-2.30li88.xhtml",
                                "title": "Archetype P"
                            },
                            {
                                "href": "fcla-xml-2.30li89.xhtml",
                                "title": "Archetype Q"
                            },
                            {
                                "href": "fcla-xml-2.30li90.xhtml",
                                "title": "Archetype R"
                            },
                            {
                                "href": "fcla-xml-2.30li91.xhtml",
                                "title": "Archetype S"
                            },
                            {
                                "href": "fcla-xml-2.30li92.xhtml",
                                "title": "Archetype T"
                            },
                            {
                                "href": "fcla-xml-2.30li93.xhtml",
                                "title": "Archetype U"
                            },
                            {
                                "href": "fcla-xml-2.30li94.xhtml",
                                "title": "Archetype V"
                            },
                            {
                                "href": "fcla-xml-2.30li95.xhtml",
                                "title": "Archetype W"
                            },
                            {
                                "href": "fcla-xml-2.30li96.xhtml",
                                "title": "Archetype X"
                            }
                        ]
                    },
                    {
                        "href": "fcla-xml-2.30li97.xhtml",
                        "title": "Chapter 12. Appendix GFDL\u00a0\u00a0GNU Free Documentation License"
                    }
                ]
            },
            {
                "href": "fcla-xml-2.30li98.xhtml",
                "title": "Part II. Part T\u00a0\u00a0Topics",
                "children": [
                    {
                        "href": "fcla-xml-2.30li100.xhtml",
                        "title": "Chapter 14. Section T\u00a0\u00a0Trace"
                    },
                    {
                        "href": "fcla-xml-2.30li101.xhtml",
                        "title": "Chapter 15. Section HP\u00a0\u00a0Hadamard Product"
                    },
                    {
                        "href": "fcla-xml-2.30li102.xhtml",
                        "title": "Chapter 16. Section VM\u00a0\u00a0Vandermonde Matrix"
                    },
                    {
                        "href": "fcla-xml-2.30li103.xhtml",
                        "title": "Chapter 17. Section PSM\u00a0\u00a0Positive Semi-definite Matrices"
                    },
                    {
                        "href": "fcla-xml-2.30li104.xhtml",
                        "title": "Chapter 18. Chapter MD\u00a0\u00a0Matrix Decompositions",
                        "children": [
                            {
                                "href": "fcla-xml-2.30li105.xhtml",
                                "title": "Section ROD\u00a0\u00a0Rank One Decomposition"
                            },
                            {
                                "href": "fcla-xml-2.30li106.xhtml",
                                "title": "Section TD\u00a0\u00a0Triangular Decomposition"
                            },
                            {
                                "href": "fcla-xml-2.30li107.xhtml",
                                "title": "Section SVD\u00a0\u00a0Singular Value Decomposition"
                            },
                            {
                                "href": "fcla-xml-2.30li108.xhtml",
                                "title": "Section SR\u00a0\u00a0Square Roots"
                            },
                            {
                                "href": "fcla-xml-2.30li109.xhtml",
                                "title": "Section POD\u00a0\u00a0Polar Decomposition"
                            }
                        ]
                    }
                ]
            },
            {
                "href": "fcla-xml-2.30li110.xhtml",
                "title": "Part III. Part A\u00a0\u00a0Applications",
                "children": [
                    {
                        "href": "fcla-xml-2.30li111.xhtml",
                        "title": "Chapter 19. Section CF\u00a0\u00a0Curve Fitting"
                    },
                    {
                        "href": "fcla-xml-2.30li112.xhtml",
                        "title": "Chapter 20. Section SAS\u00a0\u00a0Sharing A Secret"
                    },
                    {
                        "href": "fcla-xml-2.30li6.xhtml",
                        "title": "Chapter 21. Contributors"
                    },
                    {
                        "href": "fcla-xml-2.30li7.xhtml",
                        "title": "Chapter 22. Definitions"
                    }
                ]
            }
        ]
    ],
    "meta": {
        "contributors": "[]",
        "creators": "[<AttributedString 'Robert A. Beezer' {}>]",
        "dates": "{'creation': None, 'publication': None, 'modification': None}",
        "description": "None",
        "identifiers": "[<AttributedString 'code.google.com.epub-samples.linear-algebra' {'id': 'uid'}>]",
        "publisher": "None",
        "languages": "[<AttributedString 'en' {}>]",
        "source": "None",
        "subjects": "[]",
        "titles": "[<AttributedString 'A First Course in Linear Algebra' {'id': 'title'}>]"
    }
}