{
    "uid": "<AttributedString 'urn:uuid:8B3EBB46-DA57-11E2-AB84-32F5FD9156E7' {'id': 'pub-id'}>",
    "version": "3.0",
    "spine": [
        "XHTML0000",
        "XHTML0001",
        "XHTML0002",
        "XHTML0003",
        "XHTML0004",
        "XHTML0005",
        "XHTML0006"
    ],
    "manifest": {
        "XHTML0000": [
            "XHTML0000",
            "text/book_0000.xhtml",
            "application/xhtml+xml"
        ],
        "XHTML0001": [
            "XHTML0001",
            "text/book_0001.xhtml",
            "application/xhtml+xml"
        ],
        "XHTML0002": [
            "XHTML0002",
            "text/book_0002.xhtml",
            "application/xhtml+xml"
        ],
        "XHTML0003": [
            "XHTML0003",
            "text/book_0003.xhtml",
            "application/xhtml+xml"
        ],
        "XHTML0004": [
            "XHTML0004",
            "text/book_0004.xhtml",
            "application/xhtml+xml"
        ],
        "XHTML0005": [
            "XHTML0005",
            "text/book_0005.xhtml",
            "application/xhtml+xml"
        ],
        "XHTML0006": [
            "XHTML0006",
            "text/book_0006.xhtml",
            "application/xhtml+xml"
        ],
        "my-cover-image": [
            "my-cover-image",
            "images/cover.jpg",
            "image/jpeg"
        ],
        "IMG0001": [
            "IMG0001",
            "images/gari01.jpg",
            "image/jpeg"
        ],
        "IMG0002": [
            "IMG0002",
            "images/yashima.jpg",
            "image/jpeg"
        ],
        "IMG0003": [
            "IMG0003",
            "images/akahata.jpg",
            "image/jpeg"
        ],
        "IMG0004": [
            "IMG0004",
            "images/gari02.jpg",
            "image/jpeg"
        ],
        "IMG0005": [
            "IMG0005",
            "images/gari03.jpg",
            "image/jpeg"
        ],
        "IMG0006": [
            "IMG0006",
            "images/tsuno.png",
            "image/png"
        ],
        "CSS1": [
            "CSS1",
            "styles/ebook_common.css",
            "text/css"
        ],
        "CSS2": [
            "CSS2",
            "styles/ebook_style.css",
            "text/css"
        ],
        "CSS3": [
            "CSS3",
            "styles/ebook_style_v.css",
            "text/css"
        ],
        "CSS4": [
            "CSS4",
            "styles/ebook_style_h.css",
            "text/css"
        ]
    },
    "toc": [
        null,
        [
            {
                "href": "text/book_0000.xhtml",
                "title": "\u30ac\u30ea\u7248\u306e\u8a71",
                "children": [
                    {
                        "href": "text/book_0002.xhtml#toc-001",
                        "title": "\u8ce2\u6cbb\u306e\u5922\u306e\u4e16\u754c"
                    },
                    {
                        "href": "text/book_0003.xhtml#toc-002",
                        "title": "\u30d5\u30a1\u30fc\u30b9\u30c8\u30fb\u30cf\u30f3\u30c9\u306e\u6280\u8853"
                    },
                    {
                        "href": "text/book_0004.xhtml#toc-003",
                        "title": "\u3044\u304f\u3070\u304f\u304b\u306e\u5275\u9020\u529b\u3068\u60f3\u50cf\u529b",
                        "children": [
                            {
                                "href": "text/book_0005.xhtml#toc-004",
                                "title": "\u8457\u8005\u306b\u3064\u3044\u3066"
                            }
                        ]
                    }
                ]
            }
        ]
    ],
    "meta": {
        "contributors": "[]",
        "creators": "[<AttributedString '\u6d25\u91ce\u6d77\u592a\u90ce' {'id': 'creator1', 'role': 'aut', 'file-as': '\u30c4\u30ce\u30ab\u30a4\u30bf\u30ed\u30a6', 'alternate-script': '\u30c4\u30ce\u30ab\u30a4\u30bf\u30ed\u30a6', 'display-seq': '1'}>]",
        "dates": "{'creation': None, 'publication': datetime.datetime(2013, 6, 21, 9, 47, 11), 'modification': None}",
        "description": "None",
        "identifiers": "[<AttributedString 'urn:uuid:8B3EBB46-DA57-11E2-AB84-32F5FD9156E7' {'id': 'pub-id'}>]",
        "publisher": "<AttributedString '\u682a\u5f0f\u4f1a\u793e\u30dc\u30a4\u30b8\u30e3\u30fc' {}>",
        "languages": "[<AttributedString 'ja' {}>]",
        "source": "None",
        "subjects": "[]",
        "titles": "[<AttributedString '\u30ac\u30ea\u7248\u306e\u8a71' {'id': 'title', 'file-as': '\u30ac\u30ea\u30d0\u30f3\u30ce\u30cf\u30ca\u30b7', 'alternate-script': '\u30ac\u30ea\u30d0\u30f3\u30ce\u30cf\u30ca\u30b7'}>]"
    }
}