{
    "uid": "<AttributedString 'code.google.com.epub-samples.wasteland-basic' {'id': 'uid'}>",
    "version": "3.0",
    "spine": [
        "t1"
    ],
    "manifest": {
        "t1": [
            "t1",
            "wasteland-content.xhtml",
            "application/xhtml+xml"
        ],
        "cover": [
            "cover",
            "wasteland-cover.jpg",
            "image/jpeg"
        ],
        "css": [
            "css",
            "wasteland.css",
            "text/css"
        ],
        "css-night": [
            "css-night",
            "wasteland-night.css",
            "text/css"
        ],
        "ncx": [
            "ncx",
            "wasteland.ncx",
            "application/x-dtbncx+xml"
        ]
    },
    "toc": [
        null,
        [
            {
                "href": "wasteland-content.xhtml#ch1",
                "title": "I. THE BURIAL OF THE DEAD"
            },
            {
                "href": "wasteland-content.xhtml#ch2",
                "title": "II. A GAME OF CHESS"
            },
            {
                "href": "wasteland-content.xhtml#ch3",
                "title": "III. THE FIRE SERMON"
            },
            {
                "href": "wasteland-content.xhtml#ch4",
                "title": "IV. DEATH BY WATER"
            },
            {
                "href": "wasteland-content.xhtml#ch5",
                "title": "V. WHAT THE THUNDER SAID"
            },
            {
                "href": "wasteland-content.xhtml#rearnotes",
                "title": "NOTES ON \"THE WASTE LAND\""
            }
        ]
    ],
    "meta": {
        "contributors": "[]",
        "creators": "[<AttributedString 'T.S. Eliot' {}>]",
        "dates": "{'creation': None, 'publication': datetime.datetime(2011, 9, 1, 0, 0), 'modification': None}",
        "description": "None",
        "identifiers": "[<AttributedString 'code.google.com.epub-samples.wasteland-basic' {'id': 'uid'}>]",
        "publisher": "None",
        "languages": "[<AttributedString 'en-US' {}>]",
        "source": "None",
        "subjects": "[]",
        "titles": "[<AttributedString 'The Waste Land' {}>]"
    }
}