{
    "uid": "<AttributedString '41f1328c-0571-4e71-8be8-e65bc148281a' {'id': 'd21041e30'}>",
    "version": "3.0",
    "spine": [
        "item_34",
        "item_35",
        "item_36"
    ],
    "manifest": {
        "item_1": [
            "item_1",
            "images/wcag-p2-1.jpg",
            "image/jpeg"
        ],
        "item_2": [
            "item_2",
            "images/wcag-p14-1.jpg",
            "image/jpeg"
        ],
        "item_3": [
            "item_3",
            "images/wcag-p15-1-1.jpg",
            "image/jpeg"
        ],
        "item_4": [
            "item_4",
            "images/wcag-p16-1.jpg",
            "image/jpeg"
        ],
        "item_5": [
            "item_5",
            "images/wcag-p16-2.jpg",
            "image/jpeg"
        ],
        "item_6": [
            "item_6",
            "images/wcag-p17-1.jpg",
            "image/jpeg"
        ],
        "item_7": [
            "item_7",
            "images/wcag-p17-2.jpg",
            "image/jpeg"
        ],
        "item_8": [
            "item_8",
            "images/wcag-p18-1.jpg",
            "image/jpeg"
        ],
        "item_9": [
            "item_9",
            "images/wcag-p18-2.jpg",
            "image/jpeg"
        ],
        "item_10": [
            "item_10",
            "images/wcag-p19-1.jpg",
            "image/jpeg"
        ],
        "item_11": [
            "item_11",
            "images/wcag-p19-2.jpg",
            "image/jpeg"
        ],
        "item_12": [
            "item_12",
            "images/wcag-p19-3.jpg",
            "image/jpeg"
        ],
        "item_13": [
            "item_13",
            "images/wcag-p19-4.jpg",
            "image/jpeg"
        ],
        "item_14": [
            "item_14",
            "images/wcag-p19-5.jpg",
            "image/jpeg"
        ],
        "item_15": [
            "item_15",
            "images/wcag-p20-1.jpg",
            "image/jpeg"
        ],
        "item_16": [
            "item_16",
            "images/wcag-p20-2.jpg",
            "image/jpeg"
        ],
        "item_17": [
            "item_17",
            "images/wcag-p21-1.jpg",
            "image/jpeg"
        ],
        "item_18": [
            "item_18",
            "images/wcag-p22-1.jpg",
            "image/jpeg"
        ],
        "item_19": [
            "item_19",
            "images/wcag-p22-2.jpg",
            "image/jpeg"
        ],
        "item_20": [
            "item_20",
            "images/wcag-p22-3.jpg",
            "image/jpeg"
        ],
        "item_21": [
            "item_21",
            "images/wcag-p22-4.jpg",
            "image/jpeg"
        ],
        "item_22": [
            "item_22",
            "images/wcag-p24-1.jpg",
            "image/jpeg"
        ],
        "item_23": [
            "item_23",
            "images/wcag-p24-2.jpg",
            "image/jpeg"
        ],
        "item_24": [
            "item_24",
            "images/wcag-p25-1.jpg",
            "image/jpeg"
        ],
        "item_25": [
            "item_25",
            "images/wcag-p25-2.jpg",
            "image/jpeg"
        ],
        "item_26": [
            "item_26",
            "images/wcag-p26-1.jpg",
            "image/jpeg"
        ],
        "item_27": [
            "item_27",
            "images/wcag-p26-2.jpg",
            "image/jpeg"
        ],
        "item_28": [
            "item_28",
            "images/wcag-p26-3.jpg",
            "image/jpeg"
        ],
        "item_29": [
            "item_29",
            "images/wcag-p27-1.jpg",
            "image/jpeg"
        ],
        "item_30": [
            "item_30",
            "images/wcag-p30-1.jpg",
            "image/jpeg"
        ],
        "item_31": [
            "item_31",
            "images/wcag-p30-2.jpg",
            "image/jpeg"
        ],
        "item_32": [
            "item_32",
            "images/wcag-p31-1.jpg",
            "image/jpeg"
        ],
        "item_33": [
            "item_33",
            "images/wcag-p31-2.jpg",
            "image/jpeg"
        ],
        "item_34": [
            "item_34",
            "xhtml/WCAG-ch1-1.xhtml",
            "application/xhtml+xml"
        ],
        "item_35": [
            "item_35",
            "xhtml/WCAG-ch1-2.xhtml",
            "application/xhtml+xml"
        ],
        "item_37": [
            "item_37",
            "css/images/iconmonstr-info-8-icon-20x20.png",
            "image/png"
        ],
        "item_38": [
            "item_38",
            "css/images/iconmonstr-info-8-icon.png",
            "image/png"
        ],
        "item_39": [
            "item_39",
            "css/images/iconmonstr-window-new-icon-20x20.png",
            "image/png"
        ],
        "item_40": [
            "item_40",
            "css/images/iconmonstr-window-new-icon.png",
            "image/png"
        ],
        "item_41": [
            "item_41",
            "css/default.css",
            "text/css"
        ]
    },
    "toc": [
        null,
        [
            {
                "href": "WCAG-ch1-1.xhtml#d18656e11",
                "title": "World Cultures and Geography"
            },
            {
                "href": "WCAG-ch1-1.xhtml#d18656e22",
                "title": "Senior Consultants"
            },
            {
                "href": "WCAG-ch1-2.xhtml#d18656e63",
                "title": "UNIT 1 - INTRODUCTION TO WORLD CULTURES AND\n                        GEOGRAPHY",
                "children": [
                    {
                        "href": "WCAG-ch1-2.xhtml#d18656e91",
                        "title": "CHAPTER 1 - Welcome to the World",
                        "children": [
                            {
                                "href": "WCAG-ch1-2.xhtml#d18656e117",
                                "title": "FOCUS ON GEOGRAPHY"
                            },
                            {
                                "href": "WCAG-ch1-2.xhtml#d18656e136",
                                "title": "READING SOCIAL STUDIES",
                                "children": [
                                    {
                                        "href": "WCAG-ch1-2.xhtml#d18656e141",
                                        "title": "BEFORE YOU READ"
                                    },
                                    {
                                        "href": "WCAG-ch1-2.xhtml#d18656e169",
                                        "title": "READ AND TAKE NOTES"
                                    }
                                ]
                            },
                            {
                                "href": "WCAG-ch1-2.xhtml#d18656e211",
                                "title": "SECTION 1 - The World at Your\n                                        Fingertips",
                                "children": [
                                    {
                                        "href": "WCAG-ch1-2.xhtml#d18656e273",
                                        "title": "The Peoples of the\n                                            World"
                                    },
                                    {
                                        "href": "WCAG-ch1-2.xhtml#d18656e278",
                                        "title": "Learning About the\n                                            World"
                                    },
                                    {
                                        "href": "WCAG-ch1-2.xhtml#d18656e291",
                                        "title": "History and Geography",
                                        "children": [
                                            {
                                                "href": "WCAG-ch1-2.xhtml#d18656e336",
                                                "title": "The Five Themes of\n                                                       Geography"
                                            }
                                        ]
                                    },
                                    {
                                        "href": "WCAG-ch1-2.xhtml#d18656e382",
                                        "title": "Government",
                                        "children": [
                                            {
                                                "href": "WCAG-ch1-2.xhtml#d18656e398",
                                                "title": "Limited and\n                                                       Unlimited Governments"
                                            },
                                            {
                                                "href": "WCAG-ch1-2.xhtml#d18656e421",
                                                "title": "Citizenship"
                                            }
                                        ]
                                    },
                                    {
                                        "href": "WCAG-ch1-2.xhtml#d18656e452",
                                        "title": "Economics",
                                        "children": [
                                            {
                                                "href": "WCAG-ch1-2.xhtml#d18656e465",
                                                "title": "Resources"
                                            }
                                        ]
                                    },
                                    {
                                        "href": "WCAG-ch1-2.xhtml#d18656e484",
                                        "title": "Kinds of Economics",
                                        "children": [
                                            {
                                                "href": "WCAG-ch1-2.xhtml#d18656e499",
                                                "title": "Levels of\n                                                       Development"
                                            }
                                        ]
                                    },
                                    {
                                        "href": "WCAG-ch1-2.xhtml#d18656e547",
                                        "title": "Culture"
                                    },
                                    {
                                        "href": "WCAG-ch1-2.xhtml#d18656e570",
                                        "title": "SECTION 1\n                                            ASSESSMENT"
                                    },
                                    {
                                        "href": "WCAG-ch1-2.xhtml#d18656e656",
                                        "title": "Interdisciplinary Challenge:\n                                                Investigate Your World",
                                        "children": [
                                            {
                                                "href": "WCAG-ch1-2.xhtml#d18656e667",
                                                "title": "HISTORY/ECONOMICS\n                                                       CHALLENGE"
                                            },
                                            {
                                                "href": "WCAG-ch1-2.xhtml#d18656e695",
                                                "title": "LANGUAGE ARTS\n                                                       CHALLENGE"
                                            },
                                            {
                                                "href": "WCAG-ch1-2.xhtml#d18656e713",
                                                "title": "DATA FILE"
                                            }
                                        ]
                                    }
                                ]
                            },
                            {
                                "href": "WCAG-ch1-2.xhtml#d18656e778",
                                "title": "SECTION 2 - Many Regions, Many\n                                        Cultures",
                                "children": [
                                    {
                                        "href": "WCAG-ch1-2.xhtml#d18656e819",
                                        "title": "Different Places, Different\n                                                Cultures",
                                        "children": [
                                            {
                                                "href": "WCAG-ch1-2.xhtml#d18656e852",
                                                "title": "The World's Culture\n                                                       Regions"
                                            },
                                            {
                                                "href": "WCAG-ch1-2.xhtml#d18656e887",
                                                "title": "Culture Regions\n                                                       Change"
                                            }
                                        ]
                                    },
                                    {
                                        "href": "WCAG-ch1-2.xhtml#d18656e907",
                                        "title": "SECTION 2\n                                            ASSESSMENT"
                                    }
                                ]
                            },
                            {
                                "href": "WCAG-ch1-2.xhtml#d18656e972",
                                "title": "SKILLBUILDER: Reading a Time Zone\n                                        Map",
                                "children": [
                                    {
                                        "href": "WCAG-ch1-2.xhtml#d18656e977",
                                        "title": "Defining the Skill"
                                    },
                                    {
                                        "href": "WCAG-ch1-2.xhtml#d18656e982",
                                        "title": "Applying the Skill"
                                    },
                                    {
                                        "href": "WCAG-ch1-2.xhtml#d18656e1014",
                                        "title": "Practicing the\n                                            Skill"
                                    }
                                ]
                            },
                            {
                                "href": "WCAG-ch1-2.xhtml#d18656e1019",
                                "title": "LITERATURE\n                                    CONNECTIONS"
                            },
                            {
                                "href": "WCAG-ch1-2.xhtml#d18656e1086",
                                "title": "CHAPTER 1 - ASSESSMENT",
                                "children": [
                                    {
                                        "href": "WCAG-ch1-2.xhtml#d18656e1162",
                                        "title": "Visual Summary"
                                    },
                                    {
                                        "href": "WCAG-ch1-2.xhtml#d18656e1175",
                                        "title": "SOCIAL STUDIES\n                                                SKILLBUILDER"
                                    },
                                    {
                                        "href": "WCAG-ch1-2.xhtml#d18656e1191",
                                        "title": "FOCUS ON\n                                            GEOGRAPHY"
                                    }
                                ]
                            }
                        ]
                    }
                ]
            }
        ]
    ],
    "meta": {
        "contributors": "[]",
        "creators": "[]",
        "dates": "{'creation': None, 'publication': None, 'modification': None}",
        "description": "None",
        "identifiers": "[<AttributedString '41f1328c-0571-4e71-8be8-e65bc148281a' {'id': 'd21041e30'}>]",
        "publisher": "None",
        "languages": "[<AttributedString 'en-US' {}>]",
        "source": "<AttributedString 'urn:isbn:9780618596645' {'id': 'src', 'source-of': 'pagination'}>",
        "subjects": "[]",
        "titles": "[<AttributedString 'World Cultures and Geography' {'id': 'd20201e20', 'title-type': 'main'}>, <AttributedString 'Legends of Landforms' {'id': 'd20201e1149'}>, <AttributedString 'Why Snails Have Shells' {'id': 'd20201e1158'}>]"
    }
}